// Vitest Snapshot v1, https://vitest.dev/guide/snapshot.html

exports[`renders name 1`] = `"body >> internal:text="Vite + React"i"`;
